execve("./Collatz", ["./Collatz", "35"], 0x7fff973dcc68 /* 97 vars */) = 0
brk(NULL)                               = 0xaa01000
mmap(NULL, 8192, PROT_READ|PROT_WRITE, MAP_PRIVATE|MAP_ANONYMOUS, -1, 0) = 0x7f276689b000
access("/etc/ld.so.preload", R_OK)      = -1 ENOENT (沒有此一檔案或目錄)
openat(AT_FDCWD, "/var/lib/flatpak/app/dev.zed.Zed/x86_64/stable/b1c5216e30efc6956562afe6ec0727e3dd142becd2085f6e30afd0068c51ae15/files/lib/glibc-hwcaps/x86-64-v3/libc.so.6", O_RDONLY|O_CLOEXEC) = -1 ENOENT (沒有此一檔案或目錄)
newfstatat(AT_FDCWD, "/var/lib/flatpak/app/dev.zed.Zed/x86_64/stable/b1c5216e30efc6956562afe6ec0727e3dd142becd2085f6e30afd0068c51ae15/files/lib/glibc-hwcaps/x86-64-v3/", 0x7ffc118e6f60, 0) = -1 ENOENT (沒有此一檔案或目錄)
openat(AT_FDCWD, "/var/lib/flatpak/app/dev.zed.Zed/x86_64/stable/b1c5216e30efc6956562afe6ec0727e3dd142becd2085f6e30afd0068c51ae15/files/lib/glibc-hwcaps/x86-64-v2/libc.so.6", O_RDONLY|O_CLOEXEC) = -1 ENOENT (沒有此一檔案或目錄)
newfstatat(AT_FDCWD, "/var/lib/flatpak/app/dev.zed.Zed/x86_64/stable/b1c5216e30efc6956562afe6ec0727e3dd142becd2085f6e30afd0068c51ae15/files/lib/glibc-hwcaps/x86-64-v2/", 0x7ffc118e6f60, 0) = -1 ENOENT (沒有此一檔案或目錄)
openat(AT_FDCWD, "/var/lib/flatpak/app/dev.zed.Zed/x86_64/stable/b1c5216e30efc6956562afe6ec0727e3dd142becd2085f6e30afd0068c51ae15/files/lib/libc.so.6", O_RDONLY|O_CLOEXEC) = -1 ENOENT (沒有此一檔案或目錄)
newfstatat(AT_FDCWD, "/var/lib/flatpak/app/dev.zed.Zed/x86_64/stable/b1c5216e30efc6956562afe6ec0727e3dd142becd2085f6e30afd0068c51ae15/files/lib/", {st_mode=S_IFDIR|0755, st_size=650, ...}, 0) = 0
openat(AT_FDCWD, "/etc/ld.so.cache", O_RDONLY|O_CLOEXEC) = 3
fstat(3, {st_mode=S_IFREG|0644, st_size=178887, ...}) = 0
mmap(NULL, 178887, PROT_READ, MAP_PRIVATE, 3, 0) = 0x7f276686f000
close(3)                                = 0
openat(AT_FDCWD, "/lib64/libc.so.6", O_RDONLY|O_CLOEXEC) = 3
read(3, "\177ELF\2\1\1\3\0\0\0\0\0\0\0\0\3\0>\0\1\0\0\0p7\0\0\0\0\0\0"..., 832) = 832
pread64(3, "\6\0\0\0\4\0\0\0@\0\0\0\0\0\0\0@\0\0\0\0\0\0\0@\0\0\0\0\0\0\0"..., 784, 64) = 784
fstat(3, {st_mode=S_IFREG|0755, st_size=2455432, ...}) = 0
pread64(3, "\6\0\0\0\4\0\0\0@\0\0\0\0\0\0\0@\0\0\0\0\0\0\0@\0\0\0\0\0\0\0"..., 784, 64) = 784
mmap(NULL, 2042928, PROT_READ|PROT_EXEC, MAP_PRIVATE|MAP_DENYWRITE, 3, 0) = 0x7f276667c000
mmap(0x7f27667eb000, 483328, PROT_READ, MAP_PRIVATE|MAP_FIXED|MAP_DENYWRITE, 3, 0x16f000) = 0x7f27667eb000
mmap(0x7f2766861000, 24576, PROT_READ|PROT_WRITE, MAP_PRIVATE|MAP_FIXED|MAP_DENYWRITE, 3, 0x1e4000) = 0x7f2766861000
mmap(0x7f2766867000, 31792, PROT_READ|PROT_WRITE, MAP_PRIVATE|MAP_FIXED|MAP_ANONYMOUS, -1, 0) = 0x7f2766867000
close(3)                                = 0
mmap(NULL, 12288, PROT_READ|PROT_WRITE, MAP_PRIVATE|MAP_ANONYMOUS, -1, 0) = 0x7f2766679000
arch_prctl(ARCH_SET_FS, 0x7f2766679740) = 0
set_tid_address(0x7f2766679a10)         = 33126
set_robust_list(0x7f2766679a20, 24)     = 0
rseq(0x7f2766679680, 0x20, 0, 0x53053053) = 0
mprotect(0x7f2766861000, 16384, PROT_READ) = 0
mprotect(0x402000, 4096, PROT_READ)     = 0
mprotect(0x7f27668db000, 8192, PROT_READ) = 0
prlimit64(0, RLIMIT_STACK, NULL, {rlim_cur=8192*1024, rlim_max=RLIM64_INFINITY}) = 0
getrandom("\xde\xf4\x4b\xb5\xda\x3e\x9e\x57", 8, GRND_NONBLOCK) = 8
munmap(0x7f276686f000, 178887)          = 0
rt_sigprocmask(SIG_BLOCK, ~[], [], 8)   = 0
clone(child_stack=NULL, flags=CLONE_CHILD_CLEARTID|CLONE_CHILD_SETTID|SIGCHLD, child_tidptr=0x7f2766679a10) = 33127
rt_sigprocmask(SIG_SETMASK, [], NULL, 8) = 0
wait4(33127, [{WIFEXITED(s) && WEXITSTATUS(s) == 0}], 0, NULL) = 33127
--- SIGCHLD {si_signo=SIGCHLD, si_code=CLD_EXITED, si_pid=33127, si_uid=1000, si_status=0, si_utime=0, si_stime=0} ---
exit_group(0)                           = ?
+++ exited with 0 +++
